[ +887 ms] Artifact Instance of 'MaterialFonts' is not required, skipping update.
[   +4 ms] Artifact Instance of 'GradleWrapper' is not required, skipping update.
[        ] Artifact Instance of 'AndroidGenSnapshotArtifacts' is not required, skipping update.
[        ] Artifact Instance of 'AndroidInternalBuildArtifacts' is not required, skipping update.
[   +2 ms] Artifact Instance of 'IOSEngineArtifacts' is not required, skipping update.
[        ] Artifact Instance of 'FlutterWebSdk' is not required, skipping update.
[   +9 ms] Artifact Instance of 'LegacyCanvasKitRemover' is not required, skipping update.
[   +4 ms] Artifact Instance of 'FlutterSdk' is not required, skipping update.
[   +1 ms] Artifact Instance of 'WindowsEngineArtifacts' is not required, skipping update.
[   +1 ms] Artifact Instance of 'MacOSEngineArtifacts' is not required, skipping update.
[   +1 ms] Artifact Instance of 'LinuxEngineArtifacts' is not required, skipping update.
[   +1 ms] Artifact Instance of 'LinuxFuchsiaSDKArtifacts' is not required, skipping update.
[        ] Artifact Instance of 'MacOSFuchsiaSDKArtifacts' is not required, skipping update.
[   +1 ms] Artifact Instance of 'FlutterRunnerSDKArtifacts' is not required, skipping update.
[   +2 ms] Artifact Instance of 'FlutterRunnerDebugSymbols' is not required, skipping update.
[        ] Artifact Instance of 'IosUsbArtifacts' is not required, skipping update.
[   +1 ms] Artifact Instance of 'IosUsbArtifacts' is not required, skipping update.
[   +1 ms] Artifact Instance of 'IosUsbArtifacts' is not required, skipping update.
[   +1 ms] Artifact Instance of 'IosUsbArtifacts' is not required, skipping update.
[   +1 ms] Artifact Instance of 'IosUsbArtifacts' is not required, skipping update.
[   +1 ms] Artifact Instance of 'IosUsbArtifacts' is not required, skipping update.
[        ] Artifact Instance of 'FontSubsetArtifacts' is not required, skipping update.
[   +1 ms] Artifact Instance of 'PubDependencies' is not required, skipping update.
[   +3 ms] executing: [D:\flutter/] git -c log.showSignature=false log HEAD -n 1 --pretty=format:%ad --date=iso
[ +283 ms] Exit code 0 from: git -c log.showSignature=false log HEAD -n 1 --pretty=format:%ad --date=iso
[        ] 2026-02-12 17:12:32 -0800
[ +100 ms] Artifact Instance of 'AndroidGenSnapshotArtifacts' is not required, skipping update.
[        ] Artifact Instance of 'AndroidInternalBuildArtifacts' is not required, skipping update.
[   +1 ms] Artifact Instance of 'IOSEngineArtifacts' is not required, skipping update.
[   +1 ms] Artifact Instance of 'FlutterWebSdk' is not required, skipping update.
[   +2 ms] Artifact Instance of 'FlutterEngineStamp' is not required, skipping update.
[        ] Artifact Instance of 'LegacyCanvasKitRemover' is not required, skipping update.
[  +65 ms] Artifact Instance of 'WindowsEngineArtifacts' is not required, skipping update.
[   +2 ms] Artifact Instance of 'MacOSEngineArtifacts' is not required, skipping update.
[   +1 ms] Artifact Instance of 'LinuxEngineArtifacts' is not required, skipping update.
[  +10 ms] Artifact Instance of 'LinuxFuchsiaSDKArtifacts' is not required, skipping update.
[   +1 ms] Artifact Instance of 'MacOSFuchsiaSDKArtifacts' is not required, skipping update.
[   +1 ms] Artifact Instance of 'FlutterRunnerSDKArtifacts' is not required, skipping update.
[        ] Artifact Instance of 'FlutterRunnerDebugSymbols' is not required, skipping update.
[ +576 ms] Artifact Instance of 'MaterialFonts' is not required, skipping update.
[        ] Artifact Instance of 'GradleWrapper' is not required, skipping update.
[  +31 ms] Artifact Instance of 'AndroidInternalBuildArtifacts' is not required, skipping update.
[   +1 ms] Artifact Instance of 'IOSEngineArtifacts' is not required, skipping update.
[        ] Artifact Instance of 'FlutterWebSdk' is not required, skipping update.
[        ] Artifact Instance of 'FlutterEngineStamp' is not required, skipping update.
[   +2 ms] Artifact Instance of 'LegacyCanvasKitRemover' is not required, skipping update.
[        ] Artifact Instance of 'FlutterSdk' is not required, skipping update.
[        ] Artifact Instance of 'WindowsEngineArtifacts' is not required, skipping update.
[        ] Artifact Instance of 'MacOSEngineArtifacts' is not required, skipping update.
[        ] Artifact Instance of 'LinuxEngineArtifacts' is not required, skipping update.
[   +1 ms] Artifact Instance of 'LinuxFuchsiaSDKArtifacts' is not required, skipping update.
[        ] Artifact Instance of 'MacOSFuchsiaSDKArtifacts' is not required, skipping update.
[   +1 ms] Artifact Instance of 'FlutterRunnerSDKArtifacts' is not required, skipping update.
[   +1 ms] Artifact Instance of 'FlutterRunnerDebugSymbols' is not required, skipping update.
[   +1 ms] Artifact Instance of 'IosUsbArtifacts' is not required, skipping update.
[        ] Artifact Instance of 'IosUsbArtifacts' is not required, skipping update.
[        ] Artifact Instance of 'IosUsbArtifacts' is not required, skipping update.
[        ] Artifact Instance of 'IosUsbArtifacts' is not required, skipping update.
[        ] Artifact Instance of 'IosUsbArtifacts' is not required, skipping update.
[        ] Artifact Instance of 'IosUsbArtifacts' is not required, skipping update.
[        ] Artifact Instance of 'FontSubsetArtifacts' is not required, skipping update.
[        ] Artifact Instance of 'PubDependencies' is not required, skipping update.
[ +307 ms] Skipping pub get: version match.
[ +355 ms] Found plugin path_provider at D:\Caches\pub-cache\hosted\pub.dev\path_provider-2.1.5\
[  +25 ms] Found plugin path_provider_windows at D:\Caches\pub-cache\hosted\pub.dev\path_provider_windows-2.3.0\
[  +39 ms] Found plugin path_provider_linux at D:\Caches\pub-cache\hosted\pub.dev\path_provider_linux-2.2.1\
[  +25 ms] Found plugin path_provider_foundation at D:\Caches\pub-cache\hosted\pub.dev\path_provider_foundation-2.6.0\
[ +110 ms] Found plugin path_provider_android at D:\Caches\pub-cache\hosted\pub.dev\path_provider_android-2.2.22\
[ +316 ms] Found plugin path_provider at D:\Caches\pub-cache\hosted\pub.dev\path_provider-2.1.5\
[   +5 ms] Found plugin path_provider_windows at D:\Caches\pub-cache\hosted\pub.dev\path_provider_windows-2.3.0\
[  +26 ms] Found plugin path_provider_linux at D:\Caches\pub-cache\hosted\pub.dev\path_provider_linux-2.2.1\
[  +11 ms] Found plugin path_provider_foundation at D:\Caches\pub-cache\hosted\pub.dev\path_provider_foundation-2.6.0\
[  +59 ms] Found plugin path_provider_android at D:\Caches\pub-cache\hosted\pub.dev\path_provider_android-2.2.22\
[ +122 ms] Skipping generating web_plugin_registrant.dart because it is up-to-date.
[ +141 ms] Found plugin path_provider at D:\Caches\pub-cache\hosted\pub.dev\path_provider-2.1.5\
[   +6 ms] Found plugin path_provider_windows at D:\Caches\pub-cache\hosted\pub.dev\path_provider_windows-2.3.0\
[  +19 ms] Found plugin path_provider_linux at D:\Caches\pub-cache\hosted\pub.dev\path_provider_linux-2.2.1\
[   +9 ms] Found plugin path_provider_foundation at D:\Caches\pub-cache\hosted\pub.dev\path_provider_foundation-2.6.0\
[  +54 ms] Found plugin path_provider_android at D:\Caches\pub-cache\hosted\pub.dev\path_provider_android-2.2.22\
[  +83 ms] Generating D:\MY DASHBOARD\STARTUP\Khozna\KHOZNA.COM\android\app\src\main\java\io\flutter\plugins\GeneratedPluginRegistrant.java
[  +36 ms] Skipping generating GeneratedPluginRegistrant.java because it is up-to-date.
[ +198 ms] executing: D:\Download\all app\all apps\store of app\android studio\jbr\bin\java -version
[ +442 ms] Exit code 0 from: D:\Download\all app\all apps\store of app\android studio\jbr\bin\java -version
[        ] openjdk version "21.0.4" 2024-07-16
           OpenJDK Runtime Environment (build 21.0.4+-12508038-b607.1)
           OpenJDK 64-Bit Server VM (build 21.0.4+-12508038-b607.1, mixed mode)
[  +11 ms] executing: D:\Download\all app\all apps\store of app\android studio\jbr\bin\java -version
[+1282 ms] Exit code 0 from: D:\Download\all app\all apps\store of app\android studio\jbr\bin\java -version
[        ] openjdk version "21.0.4" 2024-07-16
           OpenJDK Runtime Environment (build 21.0.4+-12508038-b607.1)
           OpenJDK 64-Bit Server VM (build 21.0.4+-12508038-b607.1, mixed mode)
[  +16 ms] executing: D:\Download\all app\all apps\store of app\android studio\jbr\bin\java -version
[ +851 ms] Exit code 0 from: D:\Download\all app\all apps\store of app\android studio\jbr\bin\java -version
[        ] openjdk version "21.0.4" 2024-07-16
           OpenJDK Runtime Environment (build 21.0.4+-12508038-b607.1)
           OpenJDK 64-Bit Server VM (build 21.0.4+-12508038-b607.1, mixed mode)
[  +33 ms] Top-level Gradle build file not found, skipping migration of task "clean".
[  +16 ms] executing: D:\Download\all app\all apps\store of app\android studio\jbr\bin\java --version
[+1460 ms] Exit code 0 from: D:\Download\all app\all apps\store of app\android studio\jbr\bin\java --version
[        ] openjdk 21.0.4 2024-07-16
           OpenJDK Runtime Environment (build 21.0.4+-12508038-b607.1)
           OpenJDK 64-Bit Server VM (build 21.0.4+-12508038-b607.1, mixed mode)
[  +19 ms] Version of Java is different than impacted version, no migration attempted.
[ +121 ms] CMake project not found, skipping support Android 15 16k page size migration.
[  +43 ms] Using gradle from D:\MY DASHBOARD\STARTUP\Khozna\KHOZNA.COM\android\gradlew.bat.
[ +104 ms] LocalFile: 'D:\MY DASHBOARD\STARTUP\Khozna\KHOZNA.COM\android\build.gradle.kts' doesn't provide an AGP version. Checking settings.
[   +5 ms] LocalFile: 'D:\MY DASHBOARD\STARTUP\Khozna\KHOZNA.COM\android\settings.gradle.kts' provides AGP version: 8.11.1
[ +162 ms] Running Gradle task 'assembleDebug'...
[   +9 ms] executing: [D:\MY DASHBOARD\STARTUP\Khozna\KHOZNA.COM\android/] D:\MY DASHBOARD\STARTUP\Khozna\KHOZNA.COM\android\gradlew.bat --full-stacktrace --info -Pverbose=true -Ptarget-platform=android-arm,android-arm64,android-x64 -Ptarget=lib\main.dart -Pbase-application-name=android.app.Application -Pdart-defines=RkxVVFRFUl9WRVJTSU9OPTMuNDEuMQ==,RkxVVFRFUl9DSEFOTkVMPXN0YWJsZQ==,RkxVVFRFUl9HSVRfVVJMPWh0dHBzOi8vZ2l0aHViLmNvbS9mbHV0dGVyL2ZsdXR0ZXIuZ2l0,RkxVVFRFUl9GUkFNRVdPUktfUkVWSVNJT049NTgyYTBlN2M1NQ==,RkxVVFRFUl9FTkdJTkVfUkVWSVNJT049MzQ1MmQ3MzViZA==,RkxVVFRFUl9EQVJUX1ZFUlNJT049My4xMS4w -Pdart-obfuscation=false -Ptrack-widget-creation=true -Ptree-shake-icons=false assembleDebug
[+13451 ms] Initialized native services in: D:\Caches\.gradle\native
[  +25 ms] Initialized jansi services in: D:\Caches\.gradle\native
[+4218 ms] The client will now receive all logging from the daemon (pid: 9112). The daemon log file: D:\Caches\.gradle\daemon\8.14\daemon-9112.out.log
[ +376 ms] Starting 6th build in daemon [uptime: 29 mins 49.944 secs, performance: 100%, GC rate: 0.00/s, heap usage: 0% of 8 GiB, non-heap usage: 3% of 4 GiB]
[ +396 ms] Using 8 worker leases.
[ +814 ms] Now considering [D:\MY DASHBOARD\STARTUP\Khozna\KHOZNA.COM\android, D:\flutter\packages\flutter_tools\gradle] as hierarchies to watch
[   +2 ms] Watching the file system is configured to be enabled if available
[  +96 ms] File system watching is active
[ +198 ms] Starting Build
[ +698 ms] Now considering [D:\flutter\packages\flutter_tools\gradle, D:\MY DASHBOARD\STARTUP\Khozna\KHOZNA.COM\android] as hierarchies to watch
[+2211 ms] > Configure project :gradle
[   +1 ms] Evaluating project ':gradle' using build file 'D:\flutter\packages\flutter_tools\gradle\build.gradle.kts'.
[   +4 ms] Resolved plugin [id: 'org.gradle.java-gradle-plugin']
[        ] Resolved plugin [id: 'org.gradle.groovy']
[        ] Resolved plugin [id: 'org.gradle.kotlin.kotlin-dsl', version: '5.2.0']
[        ] Resolved plugin [id: 'org.jetbrains.kotlin.jvm', version: '1.9.20']
[   +2 ms] Using Kotlin Gradle Plugin gradle85 variant
[   +3 ms] kotlin scripting plugin: created the scripting discovery configuration: kotlinScriptDef
[   +2 ms] kotlin scripting plugin: created the scripting discovery configuration: testKotlinScriptDef
[ +176 ms] file or directory 'D:\flutter\packages\flutter_tools\gradle\src\main\java', not found
[ +611 ms] Resolved plugin [id: 'dev.flutter.flutter-plugin-loader', version: '1.0.0']
[   +5 ms] Resolved plugin [id: 'com.android.application', version: '8.11.1', apply: false]
[  +69 ms] Resolved plugin [id: 'org.jetbrains.kotlin.android', version: '2.2.20', apply: false]
[ +402 ms] Resolve mutations for :gradle:checkKotlinGradlePluginConfigurationErrors (Thread[#665,Execution worker Thread 2,5,main]) started.
[ +111 ms] :gradle:checkKotlinGradlePluginConfigurationErrors (Thread[#663,included builds,5,main]) started.
[        ] > Task :gradle:checkKotlinGradlePluginConfigurationErrors SKIPPED
[        ] Skipping task ':gradle:checkKotlinGradlePluginConfigurationErrors' as task onlyIf 'errorDiagnostics are present' is false.
[        ] Resolve mutations for :gradle:compileKotlin (Thread[#665,Execution worker Thread 2,5,main]) started.
[        ] :gradle:compileKotlin (Thread[#665,Execution worker Thread 2,5,main]) started.
[ +696 ms] > Task :gradle:compileKotlin UP-TO-DATE
[   +1 ms] Caching disabled for task ':gradle:compileKotlin' because:
[   +1 ms]   Build cache is disabled
[        ] Skipping task ':gradle:compileKotlin' as it is up-to-date.
[   +1 ms] Resolve mutations for :gradle:compileJava (Thread[#665,Execution worker Thread 2,5,main]) started.
[   +1 ms] :gradle:compileJava (Thread[#665,Execution worker Thread 2,5,main]) started.
[        ] > Task :gradle:compileJava NO-SOURCE
[   +2 ms] Skipping task ':gradle:compileJava' as it has no source files and no previous output files.
[   +1 ms] Resolve mutations for :gradle:compileGroovy (Thread[#665,Execution worker Thread 2,5,main]) started.
[   +1 ms] :gradle:compileGroovy (Thread[#665,Execution worker Thread 2,5,main]) started.
[   +3 ms] > Task :gradle:compileGroovy NO-SOURCE
[        ] Skipping task ':gradle:compileGroovy' as it has no source files and no previous output files.
[   +2 ms] Resolve mutations for :gradle:pluginDescriptors (Thread[#665,Execution worker Thread 2,5,main]) started.
[        ] :gradle:pluginDescriptors (Thread[#665,Execution worker Thread 2,5,main]) started.
[   +1 ms] > Task :gradle:pluginDescriptors UP-TO-DATE
[        ] Caching disabled for task ':gradle:pluginDescriptors' because:
[        ]   Build cache is disabled
[   +2 ms]   Not worth caching
[   +1 ms] Skipping task ':gradle:pluginDescriptors' as it is up-to-date.
[   +5 ms] Resolve mutations for :gradle:processResources (Thread[#665,Execution worker Thread 2,5,main]) started.
[   +3 ms] :gradle:processResources (Thread[#666,Execution worker Thread 3,5,main]) started.
[  +58 ms] > Task :gradle:processResources UP-TO-DATE
[   +1 ms] Caching disabled for task ':gradle:processResources' because:
[   +1 ms]   Build cache is disabled
[        ]   Not worth caching
[        ] Skipping task ':gradle:processResources' as it is up-to-date.
[        ] Resolve mutations for :gradle:classes (Thread[#666,Execution worker Thread 3,5,main]) started.
[        ] :gradle:classes (Thread[#666,Execution worker Thread 3,5,main]) started.
[   +1 ms] > Task :gradle:classes UP-TO-DATE
[   +1 ms] Skipping task ':gradle:classes' as it has no actions.
[   +1 ms] Resolve mutations for :gradle:jar (Thread[#666,Execution worker Thread 3,5,main]) started.
[        ] :gradle:jar (Thread[#666,Execution worker Thread 3,5,main]) started.
[        ] > Task :gradle:jar UP-TO-DATE
[        ] Caching disabled for task ':gradle:jar' because:
[        ]   Build cache is disabled
[        ]   Not worth caching
[   +1 ms] Skipping task ':gradle:jar' as it is up-to-date.
[+1595 ms] Settings evaluated using settings file 'D:\MY DASHBOARD\STARTUP\Khozna\KHOZNA.COM\android\settings.gradle.kts'.
[   +1 ms] Projects loaded. Root project using build file 'D:\MY DASHBOARD\STARTUP\Khozna\KHOZNA.COM\android\build.gradle.kts'.
[  +93 ms] Included projects: [root project 'android', project ':app', project ':path_provider_android']
[+1987 ms] > Configure project :
[   +1 ms] Evaluating root project 'android' using build file 'D:\MY DASHBOARD\STARTUP\Khozna\KHOZNA.COM\android\build.gradle.kts'.
[+1716 ms] > Configure project :app
[        ] Evaluating project ':app' using build file 'D:\MY DASHBOARD\STARTUP\Khozna\KHOZNA.COM\android\app\build.gradle.kts'.
[        ] Resolved plugin [id: 'com.android.application']
[        ] Resolved plugin [id: 'kotlin-android']
[        ] Resolved plugin [id: 'dev.flutter.flutter-gradle-plugin']
[        ] Using default execution profile
[   +1 ms] Build a51622a9-5668-4dfa-8bd8-753aa58a7fed is started
[   +1 ms] Using Kotlin Gradle Plugin gradle813 variant
[   +1 ms] C/C++: android.ndkVersion from module build.gradle is [28.2.13676358]
[   +6 ms] C/C++: android.ndkPath from module build.gradle is not set
[   +1 ms] C/C++: ndk.dir in local.properties is not set
[   +1 ms] C/C++: Not considering ANDROID_NDK_HOME because support was removed after deprecation period.
[   +1 ms] C/C++: sdkFolder is C:\Users\praka\AppData\Local\Android\Sdk
[        ] C/C++: android.ndkVersion from module build.gradle is [28.2.13676358]
[   +4 ms] C/C++: android.ndkPath from module build.gradle is not set
[   +4 ms] C/C++: ndk.dir in local.properties is not set
[   +5 ms] C/C++: Not considering ANDROID_NDK_HOME because support was removed after deprecation period.
[   +1 ms] C/C++: sdkFolder is C:\Users\praka\AppData\Local\Android\Sdk
[   +1 ms] C/C++: android.ndkVersion from module build.gradle is [28.2.13676358]
[   +1 ms] C/C++: android.ndkPath from module build.gradle is not set
[   +1 ms] C/C++: ndk.dir in local.properties is not set
[   +1 ms] C/C++: Not considering ANDROID_NDK_HOME because support was removed after deprecation period.
[   +2 ms] C/C++: sdkFolder is C:\Users\praka\AppData\Local\Android\Sdk
[   +2 ms] C/C++: android.ndkVersion from module build.gradle is [28.2.13676358]
[        ] C/C++: android.ndkPath from module build.gradle is not set
[        ] C/C++: ndk.dir in local.properties is not set
[   +1 ms] C/C++: Not considering ANDROID_NDK_HOME because support was removed after deprecation period.
[   +1 ms] C/C++: sdkFolder is C:\Users\praka\AppData\Local\Android\Sdk
[   +1 ms] C/C++: android.ndkVersion from module build.gradle is [28.2.13676358]
[        ] C/C++: android.ndkPath from module build.gradle is not set
[        ] C/C++: ndk.dir in local.properties is not set
[        ] C/C++: Not considering ANDROID_NDK_HOME because support was removed after deprecation period.
[   +2 ms] C/C++: sdkFolder is C:\Users\praka\AppData\Local\Android\Sdk
[   +1 ms] C/C++: android.ndkVersion from module build.gradle is [28.2.13676358]
[   +1 ms] C/C++: android.ndkPath from module build.gradle is not set
[   +1 ms] C/C++: ndk.dir in local.properties is not set
[        ] C/C++: Not considering ANDROID_NDK_HOME because support was removed after deprecation period.
[        ] C/C++: sdkFolder is C:\Users\praka\AppData\Local\Android\Sdk
[   +1 ms] C/C++: android.ndkVersion from module build.gradle is [28.2.13676358]
[   +1 ms] C/C++: android.ndkPath from module build.gradle is not set
[   +1 ms] C/C++: ndk.dir in local.properties is not set
[        ] C/C++: Not considering ANDROID_NDK_HOME because support was removed after deprecation period.
[   +5 ms] C/C++: sdkFolder is C:\Users\praka\AppData\Local\Android\Sdk
[   +9 ms] C/C++: android.ndkVersion from module build.gradle is [28.2.13676358]
[        ] C/C++: android.ndkPath from module build.gradle is not set
[        ] C/C++: ndk.dir in local.properties is not set
[        ] C/C++: Not considering ANDROID_NDK_HOME because support was removed after deprecation period.
[        ] C/C++: sdkFolder is C:\Users\praka\AppData\Local\Android\Sdk
[   +1 ms] C/C++: android.ndkVersion from module build.gradle is [28.2.13676358]
[        ] C/C++: android.ndkPath from module build.gradle is not set
[   +2 ms] C/C++: ndk.dir in local.properties is not set
[   +2 ms] C/C++: Not considering ANDROID_NDK_HOME because support was removed after deprecation period.
[   +1 ms] C/C++: sdkFolder is C:\Users\praka\AppData\Local\Android\Sdk
[   +2 ms] C/C++: android.ndkVersion from module build.gradle is [28.2.13676358]
[   +5 ms] C/C++: android.ndkPath from module build.gradle is not set
[   +1 ms] C/C++: ndk.dir in local.properties is not set
[        ] C/C++: Not considering ANDROID_NDK_HOME because support was removed after deprecation period.
[        ] C/C++: sdkFolder is C:\Users\praka\AppData\Local\Android\Sdk
[        ] C/C++: android.ndkVersion from module build.gradle is [28.2.13676358]
[   +1 ms] C/C++: android.ndkPath from module build.gradle is not set
[   +2 ms] C/C++: ndk.dir in local.properties is not set
[        ] C/C++: Not considering ANDROID_NDK_HOME because support was removed after deprecation period.
[        ] C/C++: sdkFolder is C:\Users\praka\AppData\Local\Android\Sdk
[        ] C/C++: android.ndkVersion from module build.gradle is [28.2.13676358]
[        ] C/C++: android.ndkPath from module build.gradle is not set
[   +3 ms] C/C++: ndk.dir in local.properties is not set
[   +1 ms] C/C++: Not considering ANDROID_NDK_HOME because support was removed after deprecation period.
[        ] C/C++: sdkFolder is C:\Users\praka\AppData\Local\Android\Sdk
[   +1 ms] C/C++: android.ndkVersion from module build.gradle is [28.2.13676358]
[   +1 ms] C/C++: android.ndkPath from module build.gradle is not set
[        ] C/C++: ndk.dir in local.properties is not set
[   +3 ms] C/C++: Not considering ANDROID_NDK_HOME because support was removed after deprecation period.
[   +2 ms] C/C++: sdkFolder is C:\Users\praka\AppData\Local\Android\Sdk
[   +1 ms] C/C++: android.ndkVersion from module build.gradle is [28.2.13676358]
[        ] C/C++: android.ndkPath from module build.gradle is not set
[        ] C/C++: ndk.dir in local.properties is not set
[   +1 ms] C/C++: Not considering ANDROID_NDK_HOME because support was removed after deprecation period.
[   +7 ms] C/C++: sdkFolder is C:\Users\praka\AppData\Local\Android\Sdk
[   +6 ms] C/C++: android.ndkVersion from module build.gradle is [28.2.13676358]
[   +4 ms] C/C++: android.ndkPath from module build.gradle is not set
[   +2 ms] C/C++: ndk.dir in local.properties is not set
[   +4 ms] C/C++: Not considering ANDROID_NDK_HOME because support was removed after deprecation period.
[   +4 ms] C/C++: sdkFolder is C:\Users\praka\AppData\Local\Android\Sdk
[   +4 ms] C/C++: android.ndkVersion from module build.gradle is [28.2.13676358]
[  +15 ms] C/C++: android.ndkPath from module build.gradle is not set
[  +14 ms] C/C++: ndk.dir in local.properties is not set
[   +8 ms] C/C++: Not considering ANDROID_NDK_HOME because support was removed after deprecation period.
[   +2 ms] C/C++: sdkFolder is C:\Users\praka\AppData\Local\Android\Sdk
[   +2 ms] C/C++: android.ndkVersion from module build.gradle is [28.2.13676358]
[  +15 ms] C/C++: android.ndkPath from module build.gradle is not set
[   +1 ms] C/C++: ndk.dir in local.properties is not set
[   +4 ms] C/C++: Not considering ANDROID_NDK_HOME because support was removed after deprecation period.
[   +6 ms] C/C++: sdkFolder is C:\Users\praka\AppData\Local\Android\Sdk
[  +11 ms] C/C++: android.ndkVersion from module build.gradle is [28.2.13676358]
[   +1 ms] C/C++: android.ndkPath from module build.gradle is not set
[   +1 ms] C/C++: ndk.dir in local.properties is not set
[  +12 ms] C/C++: Not considering ANDROID_NDK_HOME because support was removed after deprecation period.
[   +1 ms] C/C++: sdkFolder is C:\Users\praka\AppData\Local\Android\Sdk
[   +6 ms] C/C++: android.ndkVersion from module build.gradle is [28.2.13676358]
[   +6 ms] C/C++: android.ndkPath from module build.gradle is not set
[   +3 ms] C/C++: ndk.dir in local.properties is not set
[  +28 ms] C/C++: Not considering ANDROID_NDK_HOME because support was removed after deprecation period.
[   +6 ms] C/C++: sdkFolder is C:\Users\praka\AppData\Local\Android\Sdk
[ +975 ms] > Configure project :path_provider_android
[   +1 ms] Evaluating project ':path_provider_android' using build file 'D:\Caches\pub-cache\hosted\pub.dev\path_provider_android-2.2.22\android\build.gradle'.
[   +1 ms] Using default execution profile
[   +2 ms] All projects evaluated.
[   +2 ms] Task name matched 'assembleDebug'
[   +3 ms] Selected primary task 'assembleDebug' from project :
[ +286 ms] SDK initialized in 33 ms
[   +6 ms] [=========                              ] 25%                                   
[        ] [=========                              ] 25% Fetch remote repository...        
[        ] [=======================================] 100% Fetch remote repository...       
[        ] Adding -Xuse-inline-scopes-numbers Kotlin compiler flag for task :app:compileDebugKotlin
[ +686 ms] Tasks to be executed: [task ':app:DebugMinSdkCheck', task ':app:preBuild', task ':app:preDebugBuild', task ':app:mergeDebugNativeDebugMetadata', task ':app:checkKotlinGradlePluginConfigurationErrors', task ':app:compileFlutterBuildDebug', task ':app:packJniLibsflutterBuildDebug', task ':path_provider_android:preBuild', task ':path_provider_android:preDebugBuild', task ':path_provider_android:writeDebugAarMetadata', task ':app:checkDebugAarMetadata', task ':app:cleanMergeDebugAssets', task ':app:mergeDebugShaders', task ':app:compileDebugShaders', task ':app:generateDebugAssets', task ':path_provider_android:mergeDebugShaders', task ':path_provider_android:compileDebugShaders', task ':path_provider_android:generateDebugAssets', task ':path_provider_android:mergeDebugAssets', task ':app:mergeDebugAssets', task ':app:copyFlutterAssetsDebug', task ':app:generateDebugResValues', task ':path_provider_android:generateDebugResValues', task ':path_provider_android:generateDebugResources', task ':path_provider_android:packageDebugResources', task ':app:mapDebugSourceSetPaths', task ':app:generateDebugResources', task ':app:mergeDebugResources', task ':app:packageDebugResources', task ':app:parseDebugLocalResources', task ':app:createDebugCompatibleScreenManifests', task ':app:extractDeepLinksDebug', task ':path_provider_android:extractDeepLinksDebug', task ':path_provider_android:processDebugManifest', task ':app:processDebugMainManifest', task ':app:outputDebugAppLinkSettings', task ':app:processDebugManifest', task ':app:processDebugManifestForPackage', task ':path_provider_android:compileDebugLibraryResources', task ':path_provider_android:parseDebugLocalResources', task ':path_provider_android:generateDebugRFile', task ':app:processDebugResources', task ':path_provider_android:javaPreCompileDebug', task ':path_provider_android:compileDebugJavaWithJavac', task ':path_provider_android:bundleLibCompileToJarDebug', task ':app:compileDebugKotlin', task ':app:javaPreCompileDebug', task ':app:compileDebugJavaWithJavac', task ':app:compressDebugAssets', task ':path_provider_android:bundleLibRuntimeToJarDebug', task ':app:desugarDebugFileDependencies', task ':app:dexBuilderDebug', task ':app:mergeDebugGlobalSynthetics', task ':app:processDebugJavaRes', task ':path_provider_android:processDebugJavaRes', task ':app:mergeDebugJavaResource', task ':app:checkDebugDuplicateClasses', task ':app:mergeExtDexDebug', task ':path_provider_android:bundleLibRuntimeToDirDebug', task ':app:mergeLibDexDebug', task ':app:mergeProjectDexDebug', task ':app:configureCMakeDebug[arm64-v8a]', task ':app:buildCMakeDebug[arm64-v8a]', task ':app:configureCMakeDebug[armeabi-v7a]', task ':app:buildCMakeDebug[armeabi-v7a]', task ':app:configureCMakeDebug[x86_64]', task ':app:buildCMakeDebug[x86_64]', task ':app:mergeDebugJniLibFolders', task ':path_provider_android:mergeDebugJniLibFolders', task ':path_provider_android:mergeDebugNativeLibs', task ':path_provider_android:copyDebugJniLibsProjectOnly', task ':app:mergeDebugNativeLibs', task ':app:stripDebugDebugSymbols', task ':app:validateSigningDebug', task ':app:writeDebugAppMetadata', task ':app:writeDebugSigningConfigVersions', task ':app:packageDebug', task ':app:createDebugApkListingFileRedirect', task ':app:assembleDebug', task ':path_provider_android:stripDebugDebugSymbols', task ':path_provider_android:copyDebugJniLibsProjectAndLocalJars', task ':path_provider_android:extractDebugAnnotations', task ':path_provider_android:extractDeepLinksForAarDebug', task ':path_provider_android:mergeDebugGeneratedProguardFiles', task ':path_provider_android:mergeDebugConsumerProguardFiles', task ':path_provider_android:prepareDebugArtProfile', task ':path_provider_android:prepareLintJarForPublish', task ':path_provider_android:mergeDebugJavaResource', task ':path_provider_android:syncDebugLibJars', task ':path_provider_android:bundleDebugAar', task ':path_provider_android:assembleDebug']
[  +92 ms] Tasks that were excluded: []
[   +2 ms] work action Parameters of IdentityTransform (Thread[#663,included builds,5,main]) started.
[   +1 ms] work action Parameters of DexingNoClasspathTransform (Thread[#663,included builds,5,main]) started.
[   +1 ms] work action Parameters of DexingOutputSplitTransform (Thread[#663,included builds,5,main]) started.
[        ] work action Parameters of ClassesDirToClassesTransform (Thread[#663,included builds,5,main]) started.
[   +1 ms] work action Parameters of DexingOutputSplitTransform (Thread[#663,included builds,5,main]) started.
[   +1 ms] Resolve mutations for :app:DebugMinSdkCheck (Thread[#663,included builds,5,main]) started.
[   +3 ms] :app:DebugMinSdkCheck (Thread[#663,included builds,5,main]) started.
[   +3 ms] > Task :app:DebugMinSdkCheck
[   +2 ms] Caching disabled for task ':app:DebugMinSdkCheck' because:
[   +2 ms]   Build cache is disabled
[   +1 ms] Task ':app:DebugMinSdkCheck' is not up-to-date because:
[   +1 ms]   Task has not declared any outputs despite executing actions.
[   +6 ms] Resolve mutations for :app:preBuild (Thread[#663,included builds,5,main]) started.
[   +1 ms] :app:preBuild (Thread[#663,included builds,5,main]) started.
[   +1 ms] > Task :app:preBuild UP-TO-DATE
[   +1 ms] Skipping task ':app:preBuild' as it has no actions.
[   +2 ms] Resolve mutations for :app:preDebugBuild (Thread[#663,included builds,5,main]) started.
[   +2 ms] :app:preDebugBuild (Thread[#665,Execution worker Thread 2,5,main]) started.
[   +5 ms] > Task :app:preDebugBuild UP-TO-DATE
[        ] Skipping task ':app:preDebugBuild' as it has no actions.
[   +1 ms] Resolve mutations for :app:mergeDebugNativeDebugMetadata (Thread[#665,Execution worker Thread 2,5,main]) started.
[   +2 ms] :app:mergeDebugNativeDebugMetadata (Thread[#665,Execution worker Thread 2,5,main]) started.
[   +2 ms] > Task :app:mergeDebugNativeDebugMetadata NO-SOURCE
[   +1 ms] Skipping task ':app:mergeDebugNativeDebugMetadata' as it has no source files and no previous output files.
[  +49 ms] Resolve mutations for :app:checkKotlinGradlePluginConfigurationErrors (Thread[#665,Execution worker Thread 2,5,main]) started.
[   +1 ms] :app:checkKotlinGradlePluginConfigurationErrors (Thread[#665,Execution worker Thread 2,5,main]) started.
[   +7 ms] > Task :app:checkKotlinGradlePluginConfigurationErrors SKIPPED
[   +3 ms] Skipping task ':app:checkKotlinGradlePluginConfigurationErrors' as task onlyIf 'errorDiagnostics are present' is false.
[   +2 ms] Resolve mutations for :app:compileFlutterBuildDebug (Thread[#665,Execution worker Thread 2,5,main]) started.
[  +87 ms] :app:compileFlutterBuildDebug (Thread[#665,Execution worker Thread 2,5,main]) started.
[+2004 ms] > Task :app:compileFlutterBuildDebug
[        ] Caching disabled for task ':app:compileFlutterBuildDebug' because:
[        ]   Build cache is disabled
[        ]   Caching has not been enabled for the task
[        ] Task ':app:compileFlutterBuildDebug' is not up-to-date because:
[        ]   Value of input property 'verbose' has changed for task ':app:compileFlutterBuildDebug'
[   +1 ms] Starting process 'command 'D:\flutter\bin\flutter.bat''. Working directory: D:\MY DASHBOARD\STARTUP\Khozna\KHOZNA.COM Command: D:\flutter\bin\flutter.bat --verbose assemble --no-version-check --depfile D:\MY DASHBOARD\STARTUP\Khozna\KHOZNA.COM\build\app\intermediates\flutter\debug/flutter_build.d --output D:\MY DASHBOARD\STARTUP\Khozna\KHOZNA.COM\build\app\intermediates\flutter\debug -dTargetFile=lib\main.dart -dTargetPlatform=android -dBuildMode=debug -dTrackWidgetCreation=true --DartDefines=RkxVVFRFUl9WRVJTSU9OPTMuNDEuMQ==,RkxVVFRFUl9DSEFOTkVMPXN0YWJsZQ==,RkxVVFRFUl9HSVRfVVJMPWh0dHBzOi8vZ2l0aHViLmNvbS9mbHV0dGVyL2ZsdXR0ZXIuZ2l0,RkxVVFRFUl9GUkFNRVdPUktfUkVWSVNJT049NTgyYTBlN2M1NQ==,RkxVVFRFUl9FTkdJTkVfUkVWSVNJT049MzQ1MmQ3MzViZA==,RkxVVFRFUl9EQVJUX1ZFUlNJT049My4xMS4w -dFlavor= -dAndroidArchs=android-arm android-arm64 android-x64 -dMinSdkVersion=24 debug_android_application
[        ] Successfully started process 'command 'D:\flutter\bin\flutter.bat''
[+3602 ms] [ +619 ms] Artifact Instance of 'MaterialFonts' is not required, skipping update.
[   +1 ms] [   +7 ms] Artifact Instance of 'GradleWrapper' is not required, skipping update.
[        ] [        ] Artifact Instance of 'AndroidGenSnapshotArtifacts' is not required, skipping update.
[        ] [   +1 ms] Artifact Instance of 'AndroidInternalBuildArtifacts' is not required, skipping update.
[        ] [   +1 ms] Artifact Instance of 'IOSEngineArtifacts' is not required, skipping update.
[        ] [   +2 ms] Artifact Instance of 'FlutterWebSdk' is not required, skipping update.
[   +7 ms] [   +9 ms] Artifact Instance of 'LegacyCanvasKitRemover' is not required, skipping update.
[   +1 ms] [        ] Artifact Instance of 'FlutterSdk' is not required, skipping update.
[        ] [        ] Artifact Instance of 'WindowsEngineArtifacts' is not required, skipping update.
[   +1 ms] [        ] Artifact Instance of 'MacOSEngineArtifacts' is not required, skipping update.
[        ] [   +1 ms] Artifact Instance of 'LinuxEngineArtifacts' is not required, skipping update.
[        ] [   +1 ms] Artifact Instance of 'LinuxFuchsiaSDKArtifacts' is not required, skipping update.
[   +1 ms] [        ] Artifact Instance of 'MacOSFuchsiaSDKArtifacts' is not required, skipping update.
[   +1 ms] [        ] Artifact Instance of 'FlutterRunnerSDKArtifacts' is not required, skipping update.
[   +1 ms] [        ] Artifact Instance of 'FlutterRunnerDebugSymbols' is not required, skipping update.
[   +1 ms] [        ] Artifact Instance of 'IosUsbArtifacts' is not required, skipping update.
[   +2 ms] [        ] Artifact Instance of 'IosUsbArtifacts' is not required, skipping update.
[   +2 ms] [        ] Artifact Instance of 'IosUsbArtifacts' is not required, skipping update.
[   +1 ms] [        ] Artifact Instance of 'IosUsbArtifacts' is not required, skipping update.
[   +1 ms] [        ] Artifact Instance of 'IosUsbArtifacts' is not required, skipping update.
[        ] [        ] Artifact Instance of 'IosUsbArtifacts' is not required, skipping update.
[   +1 ms] [        ] Artifact Instance of 'FontSubsetArtifacts' is not required, skipping update.
[  +66 ms] [        ] Artifact Instance of 'PubDependencies' is not required, skipping update.
[   +1 ms] [  +74 ms] Artifact Instance of 'AndroidGenSnapshotArtifacts' is not required, skipping update.
[   +1 ms] [        ] Artifact Instance of 'AndroidInternalBuildArtifacts' is not required, skipping update.
[   +3 ms] [   +1 ms] Artifact Instance of 'IOSEngineArtifacts' is not required, skipping update.
[   +5 ms] [        ] Artifact Instance of 'FlutterWebSdk' is not required, skipping update.
[        ] [   +1 ms] Artifact Instance of 'FlutterEngineStamp' is not required, skipping update.
[   +1 ms] [   +1 ms] Artifact Instance of 'LegacyCanvasKitRemover' is not required, skipping update.
[   +1 ms] [  +22 ms] Artifact Instance of 'WindowsEngineArtifacts' is not required, skipping update.
[        ] [        ] Artifact Instance of 'MacOSEngineArtifacts' is not required, skipping update.
[   +1 ms] [        ] Artifact Instance of 'LinuxEngineArtifacts' is not required, skipping update.
[   +1 ms] [        ] Artifact Instance of 'LinuxFuchsiaSDKArtifacts' is not required, skipping update.
[  +76 ms] [        ] Artifact Instance of 'MacOSFuchsiaSDKArtifacts' is not required, skipping update.
[        ] [   +2 ms] Artifact Instance of 'FlutterRunnerSDKArtifacts' is not required, skipping update.
[        ] [        ] Artifact Instance of 'FlutterRunnerDebugSymbols' is not required, skipping update.
[ +290 ms] [ +366 ms] Artifact Instance of 'MaterialFonts' is not required, skipping update.
[        ] [        ] Artifact Instance of 'GradleWrapper' is not required, skipping update.
[        ] [  +13 ms] Artifact Instance of 'AndroidInternalBuildArtifacts' is not required, skipping update.
[   +1 ms] [   +1 ms] Artifact Instance of 'IOSEngineArtifacts' is not required, skipping update.
[   +2 ms] [   +1 ms] Artifact Instance of 'FlutterWebSdk' is not required, skipping update.
[   +2 ms] [        ] Artifact Instance of 'FlutterEngineStamp' is not required, skipping update.
[        ] [        ] Artifact Instance of 'LegacyCanvasKitRemover' is not required, skipping update.
[        ] [        ] Artifact Instance of 'FlutterSdk' is not required, skipping update.
[   +1 ms] [        ] Artifact Instance of 'WindowsEngineArtifacts' is not required, skipping update.
[   +1 ms] [        ] Artifact Instance of 'MacOSEngineArtifacts' is not required, skipping update.
[        ] [        ] Artifact Instance of 'LinuxEngineArtifacts' is not required, skipping update.
[   +1 ms] [        ] Artifact Instance of 'LinuxFuchsiaSDKArtifacts' is not required, skipping update.
[   +2 ms] [        ] Artifact Instance of 'MacOSFuchsiaSDKArtifacts' is not required, skipping update.
[        ] [        ] Artifact Instance of 'FlutterRunnerSDKArtifacts' is not required, skipping update.
[   +1 ms] [        ] Artifact Instance of 'FlutterRunnerDebugSymbols' is not required, skipping update.
[  +94 ms] [        ] Artifact Instance of 'IosUsbArtifacts' is not required, skipping update.
[   +1 ms] [   +3 ms] Artifact Instance of 'IosUsbArtifacts' is not required, skipping update.
[        ] [        ] Artifact Instance of 'IosUsbArtifacts' is not required, skipping update.
[   +1 ms] [        ] Artifact Instance of 'IosUsbArtifacts' is not required, skipping update.
[        ] [        ] Artifact Instance of 'IosUsbArtifacts' is not required, skipping update.
[        ] [        ] Artifact Instance of 'IosUsbArtifacts' is not required, skipping update.
[        ] [        ] Artifact Instance of 'FontSubsetArtifacts' is not required, skipping update.
[        ] [        ] Artifact Instance of 'PubDependencies' is not required, skipping update.
[  +85 ms] [ +160 ms] Initializing file store
[  +93 ms] [  +45 ms] Done initializing file store
[ +207 ms] [ +198 ms] Skipping target: dart_build
[   +3 ms] [   +9 ms] Skipping target: gen_dart_plugin_registrant
[   +1 ms] [   +6 ms] Skipping target: install_code_assets
[        ] [   +1 ms] Skipping target: gen_localizations
[+3597 ms] [+3606 ms] kernel_snapshot_program: Starting due to {InvalidatedReasonKind.outputSetAddition: The following outputs were added to the output set: D:\MY DASHBOARD\STARTUP\Khozna\KHOZNA.COM\.dart_tool\flutter_build\f066bed450a7e050e2ebd74396df2f43\app.dill}
[   +1 ms] [  +55 ms] D:\flutter\bin\cache\dart-sdk\bin\dartaotruntime.exe D:\flutter\bin\cache\dart-sdk\bin\snapshots\frontend_server_aot.dart.snapshot --sdk-root D:\flutter\bin\cache\artifacts\engine\common\flutter_patched_sdk/ --target=flutter --no-print-incremental-dependencies -DFLUTTER_VERSION=3.41.1 -DFLUTTER_CHANNEL=stable -DFLUTTER_GIT_URL=https://github.com/flutter/flutter.git -DFLUTTER_FRAMEWORK_REVISION=582a0e7c55 -DFLUTTER_ENGINE_REVISION=3452d735bd -DFLUTTER_DART_VERSION=3.11.0 -DFLUTTER_APP_FLAVOR= -Ddart.vm.profile=false -Ddart.vm.product=false --enable-asserts --track-widget-creation --no-link-platform --packages D:\MY DASHBOARD\STARTUP\Khozna\KHOZNA.COM\.dart_tool\package_config.json --output-dill D:\MY DASHBOARD\STARTUP\Khozna\KHOZNA.COM\.dart_tool\flutter_build\f066bed450a7e050e2ebd74396df2f43\app.dill --depfile D:\MY DASHBOARD\STARTUP\Khozna\KHOZNA.COM\.dart_tool\flutter_build\f066bed450a7e050e2ebd74396df2f43\kernel_snapshot_program.d --incremental --initialize-from-dill D:\MY DASHBOARD\STARTUP\Khozna\KHOZNA.COM\.dart_tool\flutter_build\f066bed450a7e050e2ebd74396df2f43\app.dill --source file:///D:/MY%20DASHBOARD/STARTUP/Khozna/KHOZNA.COM/.dart_tool/flutter_build/dart_plugin_registrant.dart --source package:flutter/src/dart_plugin_registrant.dart -Dflutter.dart_plugin_registrant=file:///D:/MY%20DASHBOARD/STARTUP/Khozna/KHOZNA.COM/.dart_tool/flutter_build/dart_plugin_registrant.dart --verbosity=error package:khozna/main.dart
[ +155 ms] [ +889 ms] Persisting file store
[  +21 ms] [  +38 ms] Done persisting file store
[   +3 ms] [  +33 ms] "flutter assemble" took 10,807ms.
[   +2 ms] [   +1 ms] Running 1 shutdown hook
[        ] [   +5 ms] Shutdown hooks complete
[ +222 ms] [ +277 ms] exiting with code 1
[ +202 ms] > Task :app:compileFlutterBuildDebug FAILED
[ +292 ms] Build a51622a9-5668-4dfa-8bd8-753aa58a7fed is closed
[   +1 ms] [Incubating] Problems report is available at: file:///D:/MY%20DASHBOARD/STARTUP/Khozna/KHOZNA.COM/build/reports/problems/problems-report.html
[   +2 ms] Deprecated Gradle features were used in this build, making it incompatible with Gradle 9.0.
[   +1 ms] You can use '--warning-mode all' to show the individual deprecation warnings and determine if they come from your own scripts or plugins.
[   +2 ms] For more on this, please refer to https://docs.gradle.org/8.14/userguide/command_line_interface.html#sec:command_line_warnings in the Gradle documentation.
[   +1 ms] 6 actionable tasks: 2 executed, 4 up-to-date
[        ] Watched directory hierarchies: [D:\flutter\packages\flutter_tools\gradle, D:\MY DASHBOARD\STARTUP\Khozna\KHOZNA.COM\android]
[ +464 ms] Running Gradle task 'assembleDebug'... (completed in 51.5s)
[ +410 ms] "flutter apk" took 59,325ms.
[  +15 ms] Running 1 shutdown hook
[  +43 ms] Shutdown hooks complete
[ +281 ms] exiting with code 1
