Running Gradle task 'assembleRelease'...                        
[=========                              ] 25%                                   
[=========                              ] 25% Fetch remote repository...        
[=======================================] 100% Fetch remote repository...       

flutter : lib/screens/s
plash_screen.dart:101:3
0: Error: The getter 
'GoogleFonts' isn't 
defined for the type 
'_SplashScreenState'.
At line:1 char:1
+ flutter build apk > 
build_output.txt 2>&1
+ ~~~~~~~~~~~~~~~~~~~~~
~~~~~~~~~~~~~~~~~~~~
    + CategoryInfo     
         : NotSpecifi  
  ed: (lib/screens/s   
 pl...shScreenState    
'.:String) [], Rem    
oteException
    + FullyQualifiedEr 
   rorId : NativeComm  
  andError
 
 - 
'_SplashScreenState' 
is from 'package:khozna
/screens/splash_screen.
dart' ('lib/screens/spl
ash_screen.dart').
Try correcting the 
name to the name of an 
existing getter, or 
defining a getter or 
field named 
'GoogleFonts'.
                      
style: GoogleFonts.play
fairDisplay(
                       
      ^^^^^^^^^^^
Target kernel_snapshot_
program failed: 
Exception


FAILURE: Build failed 
with an exception.

* What went wrong:
Execution failed for 
task ':app:compileFlutt
erBuildRelease'.
> Process 'command 'D:\
flutter\bin\flutter.bat
'' finished with 
non-zero exit value 1

* Try:
> Run with 
--stacktrace option to 
get the stack trace.
> Run with --info or 
--debug option to get 
more log output.
> Run with --scan to 
get full insights.
> Get more help at http
s://help.gradle.org.

BUILD FAILED in 20s
Running Gradle task 'assembleRelease'...                           20.5s
Gradle task 
assembleRelease failed 
with exit code 1
